Copyright 1986-2021 Xilinx, Inc. All Rights Reserved.
------------------------------------------------------------------------------------
| Tool Version : Vivado v.2021.1 (win64) Build 3247384 Thu Jun 10 19:36:33 MDT 2021
| Date         : Fri Jul  9 09:41:42 2021
| Host         : FCXiaoXin running 64-bit major release  (build 9200)
| Command      : report_control_sets -verbose -file minisys_control_sets_placed.rpt
| Design       : minisys
| Device       : xc7a100t
------------------------------------------------------------------------------------

Control Set Information

Table of Contents
-----------------
1. Summary
2. Histogram
3. Flip-Flop Distribution
4. Detailed Control Set Information

1. Summary
----------

+----------------------------------------------------------+-------+
|                          Status                          | Count |
+----------------------------------------------------------+-------+
| Total control sets                                       |    66 |
|    Minimum number of control sets                        |    66 |
|    Addition due to synthesis replication                 |     0 |
|    Addition due to physical synthesis replication        |     0 |
| Unused register locations in slices containing registers |    98 |
+----------------------------------------------------------+-------+
* Control sets can be merged at opt_design using control_set_merge or merge_equivalent_drivers
** Run report_qor_suggestions for automated merging and remapping suggestions


2. Histogram
------------

+--------------------+-------+
|       Fanout       | Count |
+--------------------+-------+
| Total control sets |    66 |
| >= 0 to < 4        |     7 |
| >= 4 to < 6        |     3 |
| >= 6 to < 8        |     3 |
| >= 8 to < 10       |     9 |
| >= 10 to < 12      |     1 |
| >= 12 to < 14      |     0 |
| >= 14 to < 16      |     0 |
| >= 16              |    43 |
+--------------------+-------+
* Control sets can be remapped at either synth_design or opt_design


3. Flip-Flop Distribution
-------------------------

+--------------+-----------------------+------------------------+-----------------+--------------+
| Clock Enable | Synchronous Set/Reset | Asynchronous Set/Reset | Total Registers | Total Slices |
+--------------+-----------------------+------------------------+-----------------+--------------+
| No           | No                    | No                     |              25 |           13 |
| No           | No                    | Yes                    |              21 |           10 |
| No           | Yes                   | No                     |              90 |           41 |
| Yes          | No                    | No                     |              13 |            5 |
| Yes          | No                    | Yes                    |             279 |           88 |
| Yes          | Yes                   | No                     |            1050 |          460 |
+--------------+-----------------------+------------------------+-----------------+--------------+


4. Detailed Control Set Information
-----------------------------------

+-------------------------------------------+----------------------------------------------------------------------------------------------------------------------+-------------------------------------------------------------------------------------------------------------------------------+------------------+----------------+--------------+
|                Clock Signal               |                                                     Enable Signal                                                    |                                                        Set/Reset Signal                                                       | Slice Load Count | Bel Load Count | Bels / Slice |
+-------------------------------------------+----------------------------------------------------------------------------------------------------------------------+-------------------------------------------------------------------------------------------------------------------------------+------------------+----------------+--------------+
|  uartpg/inst/upg_inst/rdStat_BUFG         | uartpg/inst/upg_inst/upg_wen_o2_out                                                                                  | upg_rst                                                                                                                       |                1 |              1 |         1.00 |
|  uartpg/inst/upg_inst/upg_clk_i_IBUF_BUFG | uartpg/inst/upg_inst/upg_done_o_i_1_n_0                                                                              | upg_rst                                                                                                                       |                1 |              1 |         1.00 |
|  fpga_clk_IBUF                            |                                                                                                                      |                                                                                                                               |                1 |              1 |         1.00 |
|  uartpg/inst/upg_inst/rdStat_BUFG         |                                                                                                                      | upg_rst                                                                                                                       |                2 |              2 |         1.00 |
|  ROM/instmem_i_1_n_0_BUFG                 |                                                                                                                      |                                                                                                                               |                2 |              2 |         1.00 |
|  memory/ram_i_1_n_0_BUFG                  |                                                                                                                      |                                                                                                                               |                2 |              2 |         1.00 |
|  uartpg/inst/upg_inst/upg_clk_i_IBUF_BUFG | uartpg/inst/upg_inst/s_axi_wdata                                                                                     |                                                                                                                               |                2 |              3 |         1.50 |
|  uartpg/inst/upg_inst/upg_clk_i_IBUF_BUFG | uartpg/inst/upg_inst/s_axi_wdata                                                                                     | uartpg/inst/upg_inst/s_axi_wdata[6]_i_1_n_0                                                                                   |                2 |              4 |         2.00 |
|  uartpg/inst/upg_inst/upg_clk_i_IBUF_BUFG | uartpg/inst/upg_inst/axi_uart_inst/U0/AXI_LITE_IPIF_I/I_SLAVE_ATTACHMENT/start2                                      | uartpg/inst/upg_inst/axi_uart_inst/U0/AXI_LITE_IPIF_I/I_SLAVE_ATTACHMENT/I_DECODER/cs_ce_clr                                  |                1 |              4 |         4.00 |
|  uartpg/inst/upg_inst/upg_clk_i_IBUF_BUFG | uartpg/inst/upg_inst/axi_uart_inst/U0/UARTLITE_CORE_I/BAUD_RATE_I/en_16x_Baud                                        |                                                                                                                               |                1 |              4 |         4.00 |
|  uartpg/inst/upg_inst/upg_clk_i_IBUF_BUFG |                                                                                                                      | uartpg/inst/upg_inst/axi_uart_inst/U0/UARTLITE_CORE_I/UARTLITE_RX_I/SRL_FIFO_I/I_SRL_FIFO_RBU_F/CNTR_INCR_DECR_ADDN_F_I/SS[0] |                2 |              6 |         3.00 |
|  uartpg/inst/upg_inst/upg_clk_i_IBUF_BUFG |                                                                                                                      | uartpg/inst/upg_inst/axi_uart_inst/U0/UARTLITE_CORE_I/UARTLITE_TX_I/SRL_FIFO_I/I_SRL_FIFO_RBU_F/CNTR_INCR_DECR_ADDN_F_I/SS[0] |                3 |              6 |         2.00 |
|  uartpg/inst/upg_inst/upg_clk_i_IBUF_BUFG | uartpg/inst/upg_inst/axi_uart_inst/U0/AXI_LITE_IPIF_I/I_SLAVE_ATTACHMENT/I_DECODER/fifo_wr                           |                                                                                                                               |                1 |              7 |         7.00 |
|  uartpg/inst/upg_inst/rdStat_BUFG         | uartpg/inst/upg_inst/s_axi_aresetn0                                                                                  | upg_rst                                                                                                                       |                5 |              8 |         1.60 |
|  cpuclk/inst/clk_out1                     | ROM/ram_i_49_0[1]                                                                                                    | idecode/SR[0]                                                                                                                 |                4 |              8 |         2.00 |
| ~cpuclk/inst/clk_out1                     | ROM/ledout[23]_i_3_0[0]                                                                                              | idecode/SR[0]                                                                                                                 |                3 |              8 |         2.67 |
|  uartpg/inst/upg_inst/upg_clk_i_IBUF_BUFG |                                                                                                                      | uartpg/inst/upg_inst/axi_uart_inst/U0/AXI_LITE_IPIF_I/I_SLAVE_ATTACHMENT/rst                                                  |                3 |              8 |         2.67 |
|  uartpg/inst/upg_inst/upg_clk_i_IBUF_BUFG | uartpg/inst/upg_inst/msg_indx[7]_i_1_n_0                                                                             | upg_rst                                                                                                                       |                4 |              8 |         2.00 |
|  uartpg/inst/upg_inst/upg_clk_i_IBUF_BUFG | uartpg/inst/upg_inst/uart_rdat                                                                                       |                                                                                                                               |                2 |              8 |         4.00 |
|  uartpg/inst/upg_inst/upg_clk_i_IBUF_BUFG | uartpg/inst/upg_inst/axi_uart_inst/U0/AXI_LITE_IPIF_I/I_SLAVE_ATTACHMENT/s_axi_rdata_i                               | uartpg/inst/upg_inst/axi_uart_inst/U0/AXI_LITE_IPIF_I/I_SLAVE_ATTACHMENT/rst                                                  |                2 |              8 |         4.00 |
|  uartpg/inst/upg_inst/upg_clk_i_IBUF_BUFG | uartpg/inst/upg_inst/axi_uart_inst/U0/UARTLITE_CORE_I/UARTLITE_RX_I/SRL_FIFO_I/I_SRL_FIFO_RBU_F/DYNSHREG_F_I/fifo_wr |                                                                                                                               |                1 |              8 |         8.00 |
|  uartpg/inst/upg_inst/rdStat_BUFG         | uartpg/inst/upg_inst/byte_len[7]_i_1_n_0                                                                             | upg_rst                                                                                                                       |                2 |              9 |         4.50 |
|  uartpg/inst/upg_inst/upg_clk_i_IBUF_BUFG | uartpg/inst/upg_inst/axi_uart_inst/U0/UARTLITE_CORE_I/BAUD_RATE_I/en_16x_Baud                                        | upg_rst                                                                                                                       |                2 |             10 |         5.00 |
|  ROM/ioread_data_reg[15]_i_3_0[0]         |                                                                                                                      | idecode/SR[0]                                                                                                                 |                6 |             16 |         2.67 |
|  cpuclk/inst/clk_out1                     | ROM/ram_i_49_0[0]                                                                                                    | idecode/SR[0]                                                                                                                 |                8 |             16 |         2.00 |
|  uartpg/inst/upg_inst/upg_clk_i_IBUF_BUFG | uartpg/inst/upg_inst/rwait_cnt[15]_i_1_n_0                                                                           | upg_rst                                                                                                                       |                5 |             16 |         3.20 |
|  uartpg/inst/upg_inst/upg_clk_i_IBUF_BUFG | uartpg/inst/upg_inst/wwait_cnt[15]_i_1_n_0                                                                           | upg_rst                                                                                                                       |                3 |             16 |         5.33 |
|  uartpg/inst/upg_inst/upg_clk_i_IBUF_BUFG |                                                                                                                      |                                                                                                                               |                8 |             20 |         2.50 |
|  cpuclk/inst/clk_out1                     | ROM/register[1][31]_i_8_0[0]                                                                                         | idecode/SR[0]                                                                                                                 |               13 |             32 |         2.46 |
|  cpuclk/inst/clk_out1                     | ROM/register[1][31]_i_8_3[0]                                                                                         | idecode/SR[0]                                                                                                                 |               13 |             32 |         2.46 |
|  cpuclk/inst/clk_out1                     | ROM/E[0]                                                                                                             | idecode/SR[0]                                                                                                                 |               14 |             32 |         2.29 |
| ~cpuclk/inst/clk_out1                     | ROM/jal                                                                                                              | idecode/SR[0]                                                                                                                 |               11 |             32 |         2.91 |
|  cpuclk/inst/clk_out1                     | ROM/register[1][31]_i_6_2[0]                                                                                         | idecode/SR[0]                                                                                                                 |               14 |             32 |         2.29 |
|  cpuclk/inst/clk_out1                     | ROM/register[1][31]_i_8_4[0]                                                                                         | idecode/SR[0]                                                                                                                 |               13 |             32 |         2.46 |
|  cpuclk/inst/clk_out1                     | ROM/register[1][31]_i_8_5[0]                                                                                         | idecode/SR[0]                                                                                                                 |               15 |             32 |         2.13 |
|  cpuclk/inst/clk_out1                     | ROM/register[1][31]_i_8_6[0]                                                                                         | idecode/SR[0]                                                                                                                 |               14 |             32 |         2.29 |
|  cpuclk/inst/clk_out1                     | ROM/register[1][31]_i_7_0[0]                                                                                         | idecode/SR[0]                                                                                                                 |               11 |             32 |         2.91 |
|  cpuclk/inst/clk_out1                     | ROM/register[1][31]_i_9_0[0]                                                                                         | idecode/SR[0]                                                                                                                 |               14 |             32 |         2.29 |
|  cpuclk/inst/clk_out1                     | ROM/register[1][31]_i_9_1[0]                                                                                         | idecode/SR[0]                                                                                                                 |               14 |             32 |         2.29 |
|  cpuclk/inst/clk_out1                     | ROM/register[1][31]_i_9_4[0]                                                                                         | idecode/SR[0]                                                                                                                 |               14 |             32 |         2.29 |
|  cpuclk/inst/clk_out1                     | ROM/register[1][31]_i_9_5[0]                                                                                         | idecode/SR[0]                                                                                                                 |               20 |             32 |         1.60 |
|  cpuclk/inst/clk_out1                     | ROM/register[1][31]_i_6_4[0]                                                                                         | idecode/SR[0]                                                                                                                 |               18 |             32 |         1.78 |
|  cpuclk/inst/clk_out1                     | ROM/register[1][31]_i_5_2[0]                                                                                         | idecode/SR[0]                                                                                                                 |               11 |             32 |         2.91 |
|  cpuclk/inst/clk_out1                     | ROM/register[1][31]_i_5_1[0]                                                                                         | idecode/SR[0]                                                                                                                 |               14 |             32 |         2.29 |
|  cpuclk/inst/clk_out1                     | ROM/register[1][31]_i_7_4[0]                                                                                         | idecode/SR[0]                                                                                                                 |               11 |             32 |         2.91 |
|  cpuclk/inst/clk_out1                     | ROM/register[1][31]_i_9_2[0]                                                                                         | idecode/SR[0]                                                                                                                 |               19 |             32 |         1.68 |
|  cpuclk/inst/clk_out1                     | ROM/register[1][31]_i_6_6[0]                                                                                         | idecode/SR[0]                                                                                                                 |               20 |             32 |         1.60 |
|  cpuclk/inst/clk_out1                     | ROM/register[1][31]_i_9_3[0]                                                                                         | idecode/SR[0]                                                                                                                 |               14 |             32 |         2.29 |
|  cpuclk/inst/clk_out1                     | ROM/register[1][31]_i_6_1[0]                                                                                         | idecode/SR[0]                                                                                                                 |               18 |             32 |         1.78 |
|  cpuclk/inst/clk_out1                     | ROM/register[1][31]_i_6_5[0]                                                                                         | idecode/SR[0]                                                                                                                 |               19 |             32 |         1.68 |
|  cpuclk/inst/clk_out1                     | ROM/register[1][31]_i_7_6[0]                                                                                         | idecode/SR[0]                                                                                                                 |               13 |             32 |         2.46 |
|  cpuclk/inst/clk_out1                     | ROM/register[1][31]_i_8_2[0]                                                                                         | idecode/SR[0]                                                                                                                 |                9 |             32 |         3.56 |
|  cpuclk/inst/clk_out1                     | ROM/register[1][31]_i_7_1[0]                                                                                         | idecode/SR[0]                                                                                                                 |               18 |             32 |         1.78 |
|  cpuclk/inst/clk_out1                     | ROM/register[1][31]_i_7_3[0]                                                                                         | idecode/SR[0]                                                                                                                 |               10 |             32 |         3.20 |
|  cpuclk/inst/clk_out1                     | ROM/register[1][31]_i_6_3[0]                                                                                         | idecode/SR[0]                                                                                                                 |               14 |             32 |         2.29 |
|  cpuclk/inst/clk_out1                     | ROM/register[1][31]_i_8_1[0]                                                                                         | idecode/SR[0]                                                                                                                 |               11 |             32 |         2.91 |
|  cpuclk/inst/clk_out1                     | ROM/register[1][31]_i_6_0[0]                                                                                         | idecode/SR[0]                                                                                                                 |               19 |             32 |         1.68 |
|  cpuclk/inst/clk_out1                     | ROM/register[1][31]_i_7_5[0]                                                                                         | idecode/SR[0]                                                                                                                 |               11 |             32 |         2.91 |
|  cpuclk/inst/clk_out1                     | ROM/register[1][31]_i_7_2[0]                                                                                         | idecode/SR[0]                                                                                                                 |               10 |             32 |         3.20 |
|  cpuclk/inst/clk_out1                     | ROM/register[1][31]_i_5_0[0]                                                                                         | idecode/SR[0]                                                                                                                 |               14 |             32 |         2.29 |
|  uartpg/inst/upg_inst/upg_clk_i_IBUF_BUFG |                                                                                                                      | upg_rst                                                                                                                       |                9 |             33 |         3.67 |
|  uartpg/inst/upg_inst/rdStat_BUFG         | uartpg/inst/upg_inst/byte_num                                                                                        | upg_rst                                                                                                                       |                7 |             36 |         5.14 |
| ~cpuclk/inst/clk_out1                     |                                                                                                                      | idecode/SR[0]                                                                                                                 |               26 |             40 |         1.54 |
|  uartpg/inst/upg_inst/rdStat_BUFG         | uartpg/inst/upg_inst/upg_adr_o[14]_i_1_n_0                                                                           | upg_rst                                                                                                                       |               18 |             47 |         2.61 |
|  uartpg/inst/upg_inst/rdStat_BUFG         | uartpg/inst/upg_inst/wr_byte_num_done                                                                                | upg_rst                                                                                                                       |               11 |             49 |         4.45 |
|  uartpg/inst/upg_inst/rdStat_BUFG         | uartpg/inst/upg_inst/byte_cnt                                                                                        | upg_rst                                                                                                                       |               16 |             56 |         3.50 |
+-------------------------------------------+----------------------------------------------------------------------------------------------------------------------+-------------------------------------------------------------------------------------------------------------------------------+------------------+----------------+--------------+


