#-----------------------------------------------------------
# Vivado v2013.4 (64-bit)
# SW Build 353583 on Mon Dec  9 17:49:19 MST 2013
# IP Build 208076 on Mon Dec  2 12:38:17 MST 2013
# Start of session at: Mon Jan 05 18:55:53 2015
# Process ID: 4976
# Log file: C:/Users/hthink/Desktop/Minisys_new/vivado.log
# Journal file: C:/Users/hthink/Desktop/Minisys_new\vivado.jou
#-----------------------------------------------------------
start_gui
open_project {C:\Users\hthink\Desktop\Minisys_new\Minisys_new.xpr}
update_compile_order -fileset sources_1
update_compile_order -fileset sim_1
launch_xsim -simset sim_1 -mode behavioral
run all
add_bp C:/Users/hthink/Desktop/Minisys_new/Minisys_new.srcs/sources_1/imports/Minisys_new/Ifect32.v 95
remove_bps -file C:/Users/hthink/Desktop/Minisys_new/Minisys_new.srcs/sources_1/imports/Minisys_new/Ifect32.v -line 95
add_bp C:/Users/hthink/Desktop/Minisys_new/Minisys_new.srcs/sources_1/imports/Minisys_new/Ifect32.v 95
remove_bps -file C:/Users/hthink/Desktop/Minisys_new/Minisys_new.srcs/sources_1/imports/Minisys_new/Ifect32.v -line 95
add_bp C:/Users/hthink/Desktop/Minisys_new/Minisys_new.srcs/sources_1/imports/Minisys_new/Ifect32.v 95
remove_bps -file C:/Users/hthink/Desktop/Minisys_new/Minisys_new.srcs/sources_1/imports/Minisys_new/Ifect32.v -line 95
close_sim
launch_xsim -simset sim_1 -mode behavioral
run all
close_sim
